backend-1  | 2026-08-05T18:03:44.053Z  INFO 1 --- [backend] [cat-handler-272] .m.b.r.a.DeferredTranscriptionController : Deferred transcription request for recording 6a7379e0b7e67ca544a72948 by t***@gmail.com - flipping mode from local to ai (force=true)
backend-1  | 2026-08-05T18:03:45.766Z  INFO 1 --- [backend] [        async-2] u.m.b.r.event.RecordingEventListener     : Entering handleFinishedRecording with event RecordingFinishedEvent[recordingId=6a7379e0b7e67ca544a72948]
backend-1  | 2026-08-05T18:03:45.782Z  INFO 1 --- [backend] [        async-2] u.m.b.r.event.RecordingEventListener     : No transcript found for recording 6a7379e0b7e67ca544a72948 - attempting AI transcription from audio
backend-1  | 2026-08-05T18:03:45.784Z  INFO 1 --- [backend] [        async-2] u.m.backend.user.service.UserService     : Entering findById for userId 6a6e39b4fa2173292bad5766
backend-1  | 2026-08-05T18:03:45.855Z  INFO 1 --- [backend] [cat-handler-273] u.m.backend.record.RecordingController   : Entering getRecordingDetails() with recordingId 6a7379e0b7e67ca544a72948
backend-1  | 2026-08-05T18:03:45.856Z  INFO 1 --- [backend] [cat-handler-273] u.m.backend.user.service.UserService     : Entering findByEmail for user t***@gmail.com
backend-1  | 2026-08-05T18:03:48.523Z  INFO 1 --- [backend] [        async-2] u.m.backend.user.service.UserService     : Entering findByEmail for user t***@gmail.com
backend-1  | 2026-08-05T18:03:51.006Z  INFO 1 --- [backend] [cat-handler-276] u.m.backend.record.RecordingController   : Entering getRecordingDetails() with recordingId 6a7379e0b7e67ca544a72948
backend-1  | 2026-08-05T18:03:51.007Z  INFO 1 --- [backend] [cat-handler-276] u.m.backend.user.service.UserService     : Entering findByEmail for user t***@gmail.com
backend-1  | 2026-08-05T18:03:53.036Z  INFO 1 --- [backend] [        async-2] u.m.b.r.a.s.AiTranscriptionService       : AI transcription successful for user t***@gmail.com org 6a6e39b4fa2173292bad5767 (cost: $0.010118, text length: 995 chars, chunks: 5)
backend-1  | 2026-08-05T18:03:53.037Z  INFO 1 --- [backend] [        async-2] u.m.backend.user.service.UserService     : Entering findByEmail for user t***@gmail.com
backend-1  | 2026-08-05T18:03:56.171Z  INFO 1 --- [backend] [cat-handler-280] u.m.backend.record.RecordingController   : Entering getRecordingDetails() with recordingId 6a7379e0b7e67ca544a72948
backend-1  | 2026-08-05T18:03:56.173Z  INFO 1 --- [backend] [cat-handler-280] u.m.backend.user.service.UserService     : Entering findByEmail for user t***@gmail.com
backend-1  | 2026-08-05T18:03:56.782Z  INFO 1 --- [backend] [        async-2] u.m.b.r.a.s.AiTranscriptionService       : AI transcription successful for user t***@gmail.com org 6a6e39b4fa2173292bad5767 (cost: $0.010118, text length: 995 chars, chunks: 5)
backend-1  | 2026-08-05T18:03:56.786Z  INFO 1 --- [backend] [        async-2] u.m.b.r.event.RecordingEventListener     : Per-channel transcription for 20231201 - Nationwide_PR_Department_monthly_phone_call._Nov_2023.mp3: speaker=5 chunks (995 chars), mic=5 chunks (995 chars), merged=10 chunks
backend-1  | 2026-08-05T18:03:56.839Z  INFO 1 --- [backend] [        async-2] u.m.b.r.event.RecordingEventListener     : Auto-transcription complete for recording 6a7379e0b7e67ca544a72948: 1941 chars, 10 chunks
backend-1  | 2026-08-05T18:04:01.325Z  INFO 1 --- [backend] [cat-handler-282] u.m.backend.record.RecordingController   : Entering getRecordingDetails() with recordingId 6a7379e0b7e67ca544a72948
backend-1  | 2026-08-05T18:04:01.327Z  INFO 1 --- [backend] [cat-handler-282] u.m.backend.user.service.UserService     : Entering findByEmail for user t***@gmail.com
backend-1  | 2026-08-05T18:04:06.565Z  INFO 1 --- [backend] [cat-handler-283] u.m.backend.record.RecordingController   : Entering getRecordingDetails() with recordingId 6a7379e0b7e67ca544a72948
backend-1  | 2026-08-05T18:04:06.566Z  INFO 1 --- [backend] [cat-handler-283] u.m.backend.user.service.UserService     : Entering findByEmail for user t***@gmail.com
backend-1  | 2026-08-05T18:04:11.806Z  INFO 1 --- [backend] [cat-handler-287] u.m.backend.record.RecordingController   : Entering getRecordingDetails() with recordingId 6a7379e0b7e67ca544a72948
